###############################################################################
#                                                                             #
# IAR ELF Linker V5.40.5.51622/W32 for ARM              19/Feb/2016  18:50:07 #
# Copyright (C) 2007-2009 IAR Systems AB.                                     #
#                                                                             #
#    Output file  =  D:\Study\2015-16Spring\ELEC3300\LAB2\5678LAB2\Project\EW #
#                    ARMv5\STM3210E debug\Exe\STM3210E-EVAL.out               #
#    Map file     =  D:\Study\2015-16Spring\ELEC3300\LAB2\5678LAB2\Project\EW #
#                    ARMv5\STM3210E debug\List\STM3210E-EVAL.map              #
#    Command line =  "D:\Study\2015-16Spring\ELEC3300\LAB2\5678LAB2\Project\E #
#                    WARMv5\STM3210E debug\Obj\core_cm3.o"                    #
#                    "D:\Study\2015-16Spring\ELEC3300\LAB2\5678LAB2\Project\E #
#                    WARMv5\STM3210E debug\Obj\main.o"                        #
#                    "D:\Study\2015-16Spring\ELEC3300\LAB2\5678LAB2\Project\E #
#                    WARMv5\STM3210E debug\Obj\misc.o"                        #
#                    "D:\Study\2015-16Spring\ELEC3300\LAB2\5678LAB2\Project\E #
#                    WARMv5\STM3210E debug\Obj\startup_stm32f10x_hd.o"        #
#                    "D:\Study\2015-16Spring\ELEC3300\LAB2\5678LAB2\Project\E #
#                    WARMv5\STM3210E debug\Obj\stm32f10x_exti.o"              #
#                    "D:\Study\2015-16Spring\ELEC3300\LAB2\5678LAB2\Project\E #
#                    WARMv5\STM3210E debug\Obj\stm32f10x_gpio.o"              #
#                    "D:\Study\2015-16Spring\ELEC3300\LAB2\5678LAB2\Project\E #
#                    WARMv5\STM3210E debug\Obj\stm32f10x_it.o"                #
#                    "D:\Study\2015-16Spring\ELEC3300\LAB2\5678LAB2\Project\E #
#                    WARMv5\STM3210E debug\Obj\stm32f10x_rcc.o"               #
#                    "D:\Study\2015-16Spring\ELEC3300\LAB2\5678LAB2\Project\E #
#                    WARMv5\STM3210E debug\Obj\system_stm32f10x.o" -o         #
#                    "D:\Study\2015-16Spring\ELEC3300\LAB2\5678LAB2\Project\E #
#                    WARMv5\STM3210E debug\Exe\STM3210E-EVAL.out" --map       #
#                    "D:\Study\2015-16Spring\ELEC3300\LAB2\5678LAB2\Project\E #
#                    WARMv5\STM3210E debug\List\STM3210E-EVAL.map" --config   #
#                    D:\Study\2015-16Spring\ELEC3300\LAB2\5678LAB2\Project\EW #
#                    ARMv5\STM32F10x_FLASH.icf --semihosting --entry          #
#                    __iar_program_start                                      #
#                                                                             #
#                                                                             #
###############################################################################

*******************************************************************************
*** PLACEMENT SUMMARY
***

"A1":  place at 0x08000000 { ro section .intvec };
"P1":  place in [from 0x08000000 to 0x0807ffff] { ro };
"P2":  place in [from 0x20000000 to 0x2000ffff] {
          rw, block CSTACK, block HEAP };

  Section          Kind        Address   Size  Object
  -------          ----        -------   ----  ------
"A1":                                   0x130
  .intvec          ro code  0x08000000  0x130  startup_stm32f10x_hd.o [1]
                          - 0x08000130  0x130

"P1":                                   0x634
  .text            ro code  0x08000130  0x128  main.o [1]
  .text            ro code  0x08000258   0xf0  stm32f10x_gpio.o [1]
  .text            ro code  0x08000348   0xe8  system_stm32f10x.o [1]
  .text            ro code  0x08000430   0x90  stm32f10x_exti.o [1]
  .text            ro code  0x080004c0   0x6c  misc.o [1]
  .text            ro code  0x0800052c   0x4a  stm32f10x_it.o [1]
  .iar.init_table  const    0x08000578   0x10  - Linker created -
  .text            ro code  0x08000588   0x20  data_init2.o [4]
  .text            ro code  0x080005a8   0x1c  startup_stm32f10x_hd.o [1]
  .text            ro code  0x080005c4   0x1c  iarwstd.o [5]
  .text            ro code  0x080005e0   0x1a  zero_init2.o [4]
  .text            ro code  0x080005fc   0x18  stm32f10x_rcc.o [1]
  .text            ro code  0x08000614   0x18  cmain.o [4]
  .text            ro code  0x0800062c   0x14  exit.o [5]
  .text            ro code  0x08000640    0xa  cexit.o [4]
  .text            ro code  0x0800064a    0x6  exit.o [3]
  .text            ro code  0x08000650    0x4  startup_stm32f10x_hd.o [1]
  .text            ro code  0x08000654    0x4  startup_stm32f10x_hd.o [1]
  .text            ro code  0x08000658    0x4  startup_stm32f10x_hd.o [1]
  .text            ro code  0x0800065c    0x4  startup_stm32f10x_hd.o [1]
  .text            ro code  0x08000660    0x4  startup_stm32f10x_hd.o [1]
  .text            ro code  0x08000664    0x4  startup_stm32f10x_hd.o [1]
  .text            ro code  0x08000668    0x4  startup_stm32f10x_hd.o [1]
  .text            ro code  0x0800066c    0x4  startup_stm32f10x_hd.o [1]
  .text            ro code  0x08000670    0x4  startup_stm32f10x_hd.o [1]
  .text            ro code  0x08000674    0x4  startup_stm32f10x_hd.o [1]
  .text            ro code  0x08000678    0x4  startup_stm32f10x_hd.o [1]
  .text            ro code  0x0800067c    0x4  startup_stm32f10x_hd.o [1]
  .text            ro code  0x08000680    0x4  startup_stm32f10x_hd.o [1]
  .text            ro code  0x08000684    0x4  startup_stm32f10x_hd.o [1]
  .text            ro code  0x08000688    0x4  startup_stm32f10x_hd.o [1]
  .text            ro code  0x0800068c    0x4  startup_stm32f10x_hd.o [1]
  .text            ro code  0x08000690    0x4  startup_stm32f10x_hd.o [1]
  .text            ro code  0x08000694    0x4  startup_stm32f10x_hd.o [1]
  .text            ro code  0x08000698    0x4  startup_stm32f10x_hd.o [1]
  .text            ro code  0x0800069c    0x4  startup_stm32f10x_hd.o [1]
  .text            ro code  0x080006a0    0x4  startup_stm32f10x_hd.o [1]
  .text            ro code  0x080006a4    0x4  startup_stm32f10x_hd.o [1]
  .text            ro code  0x080006a8    0x4  startup_stm32f10x_hd.o [1]
  .text            ro code  0x080006ac    0x4  startup_stm32f10x_hd.o [1]
  .text            ro code  0x080006b0    0x4  startup_stm32f10x_hd.o [1]
  .text            ro code  0x080006b4    0x4  startup_stm32f10x_hd.o [1]
  .text            ro code  0x080006b8    0x4  startup_stm32f10x_hd.o [1]
  .text            ro code  0x080006bc    0x4  startup_stm32f10x_hd.o [1]
  .text            ro code  0x080006c0    0x4  startup_stm32f10x_hd.o [1]
  .text            ro code  0x080006c4    0x4  startup_stm32f10x_hd.o [1]
  .text            ro code  0x080006c8    0x4  startup_stm32f10x_hd.o [1]
  .text            ro code  0x080006cc    0x4  startup_stm32f10x_hd.o [1]
  .text            ro code  0x080006d0    0x4  startup_stm32f10x_hd.o [1]
  .text            ro code  0x080006d4    0x4  startup_stm32f10x_hd.o [1]
  .text            ro code  0x080006d8    0x4  startup_stm32f10x_hd.o [1]
  .text            ro code  0x080006dc    0x4  startup_stm32f10x_hd.o [1]
  .text            ro code  0x080006e0    0x4  startup_stm32f10x_hd.o [1]
  .text            ro code  0x080006e4    0x4  startup_stm32f10x_hd.o [1]
  .text            ro code  0x080006e8    0x4  startup_stm32f10x_hd.o [1]
  .text            ro code  0x080006ec    0x4  startup_stm32f10x_hd.o [1]
  .text            ro code  0x080006f0    0x4  startup_stm32f10x_hd.o [1]
  .text            ro code  0x080006f4    0x4  startup_stm32f10x_hd.o [1]
  .text            ro code  0x080006f8    0x4  startup_stm32f10x_hd.o [1]
  .text            ro code  0x080006fc    0x4  startup_stm32f10x_hd.o [1]
  .text            ro code  0x08000700    0x4  startup_stm32f10x_hd.o [1]
  .text            ro code  0x08000704    0x4  startup_stm32f10x_hd.o [1]
  .text            ro code  0x08000708    0x4  startup_stm32f10x_hd.o [1]
  .text            ro code  0x0800070c    0x4  startup_stm32f10x_hd.o [1]
  .text            ro code  0x08000710    0x4  startup_stm32f10x_hd.o [1]
  .text            ro code  0x08000714    0x4  startup_stm32f10x_hd.o [1]
  .text            ro code  0x08000718    0x4  startup_stm32f10x_hd.o [1]
  .text            ro code  0x0800071c    0x4  startup_stm32f10x_hd.o [1]
  .text            ro code  0x08000720    0x4  startup_stm32f10x_hd.o [1]
  .text            ro code  0x08000724    0x4  startup_stm32f10x_hd.o [1]
  .text            ro code  0x08000728    0x4  startup_stm32f10x_hd.o [1]
  .text            ro code  0x0800072c    0x4  startup_stm32f10x_hd.o [1]
  .text            ro code  0x08000730    0x4  startup_stm32f10x_hd.o [1]
  .text            ro code  0x08000734    0x4  startup_stm32f10x_hd.o [1]
  .text            ro code  0x08000738    0x4  startup_stm32f10x_hd.o [1]
  .text            ro code  0x0800073c    0x4  startup_stm32f10x_hd.o [1]
  .text            ro code  0x08000740    0x4  startup_stm32f10x_hd.o [1]
  .text            ro code  0x08000744    0x4  startup_stm32f10x_hd.o [1]
  .text            ro code  0x08000748    0x4  startup_stm32f10x_hd.o [1]
  .text            ro code  0x0800074c    0x4  startup_stm32f10x_hd.o [1]
  .text            ro code  0x08000750    0x4  startup_stm32f10x_hd.o [1]
  .text            ro code  0x08000754    0x4  startup_stm32f10x_hd.o [1]
  .text            ro code  0x08000758    0x4  startup_stm32f10x_hd.o [1]
  .text            ro code  0x0800075c    0x4  startup_stm32f10x_hd.o [1]
  .text            ro code  0x08000760    0x4  startup_stm32f10x_hd.o [1]
                          - 0x08000764  0x634

"P2", part 1 of 2:                      0x400
  CSTACK                    0x20000000  0x400  <Block>
    CSTACK         uninit   0x20000000  0x400  <Block tail>
                          - 0x20000400  0x400

"P2", part 2 of 2:                       0x14
  .bss             zero     0x20000400   0x10  main.o [1]
  .bss             zero     0x20000410    0x4  iarwstd.o [5]
                          - 0x20000414   0x14


*******************************************************************************
*** INIT TABLE
***

          Address     Size
          -------     ----
Zero (__iar_zero_init2)
    1 destination range, total size 0x14:
          0x20000400  0x14


*******************************************************************************
*** MODULE SUMMARY
***

    Module                  ro code  ro data  rw data
    ------                  -------  -------  -------
D:\Study\2015-16Spring\ELEC3300\LAB2\5678LAB2\Project\EWARMv5\STM3210E debug\Obj: [1]
    main.o                      296                16
    misc.o                      108
    startup_stm32f10x_hd.o      608
    stm32f10x_exti.o            144
    stm32f10x_gpio.o            240
    stm32f10x_it.o               74
    stm32f10x_rcc.o              24
    system_stm32f10x.o          232
    -------------------------------------------------
    Total:                    1 726                16

command line: [2]
    -------------------------------------------------
    Total:

dl7M_tl_in.a: [3]
    exit.o                        6
    -------------------------------------------------
    Total:                        6

rt7M_tl.a: [4]
    cexit.o                      10
    cmain.o                      24
    data_init2.o                 32
    zero_init2.o                 26
    -------------------------------------------------
    Total:                       92

shb_l.a: [5]
    exit.o                       20
    iarwstd.o                    28                 4
    -------------------------------------------------
    Total:                       48                 4

    Gaps                          2        2
    Linker created                        16    1 024
-----------------------------------------------------
    Grand Total:              1 874       18    1 044


*******************************************************************************
*** ENTRY LIST
***

Entry                      Address   Size  Type      Object
-----                      -------   ----  ----      ------
ADC1_2_IRQHandler       0x080006bd         Code  Wk  startup_stm32f10x_hd.o [1]
ADC3_IRQHandler         0x08000731         Code  Wk  startup_stm32f10x_hd.o [1]
BusFault_Handler        0x08000533    0x2  Code  Gb  stm32f10x_it.o [1]
CAN1_RX1_IRQHandler     0x080006c9         Code  Wk  startup_stm32f10x_hd.o [1]
CAN1_SCE_IRQHandler     0x080006cd         Code  Wk  startup_stm32f10x_hd.o [1]
CSTACK$$Base            0x20000000          --   Gb  - Linker created -
CSTACK$$Limit           0x20000400          --   Gb  - Linker created -
DMA1_Channel1_IRQHandler
                        0x080006a1         Code  Wk  startup_stm32f10x_hd.o [1]
DMA1_Channel2_IRQHandler
                        0x080006a5         Code  Wk  startup_stm32f10x_hd.o [1]
DMA1_Channel3_IRQHandler
                        0x080006a9         Code  Wk  startup_stm32f10x_hd.o [1]
DMA1_Channel4_IRQHandler
                        0x080006ad         Code  Wk  startup_stm32f10x_hd.o [1]
DMA1_Channel5_IRQHandler
                        0x080006b1         Code  Wk  startup_stm32f10x_hd.o [1]
DMA1_Channel6_IRQHandler
                        0x080006b5         Code  Wk  startup_stm32f10x_hd.o [1]
DMA1_Channel7_IRQHandler
                        0x080006b9         Code  Wk  startup_stm32f10x_hd.o [1]
DMA2_Channel1_IRQHandler
                        0x08000755         Code  Wk  startup_stm32f10x_hd.o [1]
DMA2_Channel2_IRQHandler
                        0x08000759         Code  Wk  startup_stm32f10x_hd.o [1]
DMA2_Channel3_IRQHandler
                        0x0800075d         Code  Wk  startup_stm32f10x_hd.o [1]
DMA2_Channel4_5_IRQHandler
                        0x08000761         Code  Wk  startup_stm32f10x_hd.o [1]
DebugMon_Handler        0x08000539    0x2  Code  Gb  stm32f10x_it.o [1]
EXTI0_IRQHandler        0x08000541   0x28  Code  Gb  stm32f10x_it.o [1]
EXTI15_10_IRQHandler    0x0800056f    0x8  Code  Gb  stm32f10x_it.o [1]
EXTI1_IRQHandler        0x08000691         Code  Wk  startup_stm32f10x_hd.o [1]
EXTI2_IRQHandler        0x08000695         Code  Wk  startup_stm32f10x_hd.o [1]
EXTI3_IRQHandler        0x08000699         Code  Wk  startup_stm32f10x_hd.o [1]
EXTI4_IRQHandler        0x0800069d         Code  Wk  startup_stm32f10x_hd.o [1]
EXTI9_5_IRQHandler      0x08000569    0x6  Code  Gb  stm32f10x_it.o [1]
EXTI_ClearITPendingBit  0x080004b5    0x6  Code  Gb  stm32f10x_exti.o [1]
EXTI_GetITStatus        0x08000497   0x1a  Code  Gb  stm32f10x_exti.o [1]
EXTI_Init               0x08000431   0x66  Code  Gb  stm32f10x_exti.o [1]
EXTI_InitStructure      0x20000400    0x8  Data  Gb  main.o [1]
FLASH_IRQHandler        0x08000685         Code  Wk  startup_stm32f10x_hd.o [1]
FSMC_IRQHandler         0x08000735         Code  Wk  startup_stm32f10x_hd.o [1]
GPIO_EXTILineConfig     0x08000319   0x30  Code  Gb  stm32f10x_gpio.o [1]
GPIO_Init               0x08000259   0xbe  Code  Gb  stm32f10x_gpio.o [1]
GPIO_InitStructure      0x20000408    0x4  Data  Gb  main.o [1]
HardFault_Handler       0x0800052f    0x2  Code  Gb  stm32f10x_it.o [1]
I2C1_ER_IRQHandler      0x080006f5         Code  Wk  startup_stm32f10x_hd.o [1]
I2C1_EV_IRQHandler      0x080006f1         Code  Wk  startup_stm32f10x_hd.o [1]
I2C2_ER_IRQHandler      0x080006fd         Code  Wk  startup_stm32f10x_hd.o [1]
I2C2_EV_IRQHandler      0x080006f9         Code  Wk  startup_stm32f10x_hd.o [1]
MemManage_Handler       0x08000531    0x2  Code  Gb  stm32f10x_it.o [1]
NMI_Handler             0x0800052d    0x2  Code  Gb  stm32f10x_it.o [1]
NVIC_Init               0x080004c1   0x68  Code  Gb  misc.o [1]
NVIC_InitStructure      0x2000040c    0x4  Data  Gb  main.o [1]
PVD_IRQHandler          0x08000679         Code  Wk  startup_stm32f10x_hd.o [1]
PendSV_Handler          0x0800053b    0x2  Code  Gb  stm32f10x_it.o [1]
RCC_APB2PeriphClockCmd  0x080005fd   0x18  Code  Gb  stm32f10x_rcc.o [1]
RCC_IRQHandler          0x08000689         Code  Wk  startup_stm32f10x_hd.o [1]
RTCAlarm_IRQHandler     0x08000719         Code  Wk  startup_stm32f10x_hd.o [1]
RTC_IRQHandler          0x08000681         Code  Wk  startup_stm32f10x_hd.o [1]
Region$$Table$$Base     0x08000578          --   Gb  - Linker created -
Region$$Table$$Limit    0x08000588          --   Gb  - Linker created -
SDIO_IRQHandler         0x08000739         Code  Wk  startup_stm32f10x_hd.o [1]
SPI1_IRQHandler         0x08000701         Code  Wk  startup_stm32f10x_hd.o [1]
SPI2_IRQHandler         0x08000705         Code  Wk  startup_stm32f10x_hd.o [1]
SPI3_IRQHandler         0x08000741         Code  Wk  startup_stm32f10x_hd.o [1]
SVC_Handler             0x08000537    0x2  Code  Gb  stm32f10x_it.o [1]
SysTick_Handler         0x0800053d    0x2  Code  Gb  stm32f10x_it.o [1]
SystemInit              0x08000349   0xe8  Code  Gb  system_stm32f10x.o [1]
SystemInit_ExtMemCtl    0x080005a9         Code  Wk  startup_stm32f10x_hd.o [1]
TAMPER_IRQHandler       0x0800067d         Code  Wk  startup_stm32f10x_hd.o [1]
TIM1_BRK_IRQHandler     0x080006d5         Code  Wk  startup_stm32f10x_hd.o [1]
TIM1_CC_IRQHandler      0x080006e1         Code  Wk  startup_stm32f10x_hd.o [1]
TIM1_TRG_COM_IRQHandler
                        0x080006dd         Code  Wk  startup_stm32f10x_hd.o [1]
TIM1_UP_IRQHandler      0x080006d9         Code  Wk  startup_stm32f10x_hd.o [1]
TIM2_IRQHandler         0x080006e5         Code  Wk  startup_stm32f10x_hd.o [1]
TIM3_IRQHandler         0x080006e9         Code  Wk  startup_stm32f10x_hd.o [1]
TIM4_IRQHandler         0x080006ed         Code  Wk  startup_stm32f10x_hd.o [1]
TIM5_IRQHandler         0x0800073d         Code  Wk  startup_stm32f10x_hd.o [1]
TIM6_IRQHandler         0x0800074d         Code  Wk  startup_stm32f10x_hd.o [1]
TIM7_IRQHandler         0x08000751         Code  Wk  startup_stm32f10x_hd.o [1]
TIM8_BRK_IRQHandler     0x08000721         Code  Wk  startup_stm32f10x_hd.o [1]
TIM8_CC_IRQHandler      0x0800072d         Code  Wk  startup_stm32f10x_hd.o [1]
TIM8_TRG_COM_IRQHandler
                        0x08000729         Code  Wk  startup_stm32f10x_hd.o [1]
TIM8_UP_IRQHandler      0x08000725         Code  Wk  startup_stm32f10x_hd.o [1]
UART4_IRQHandler        0x08000745         Code  Wk  startup_stm32f10x_hd.o [1]
UART5_IRQHandler        0x08000749         Code  Wk  startup_stm32f10x_hd.o [1]
USART1_IRQHandler       0x08000709         Code  Wk  startup_stm32f10x_hd.o [1]
USART2_IRQHandler       0x0800070d         Code  Wk  startup_stm32f10x_hd.o [1]
USART3_IRQHandler       0x08000711         Code  Wk  startup_stm32f10x_hd.o [1]
USBWakeUp_IRQHandler    0x0800071d         Code  Wk  startup_stm32f10x_hd.o [1]
USB_HP_CAN1_TX_IRQHandler
                        0x080006c1         Code  Wk  startup_stm32f10x_hd.o [1]
USB_LP_CAN1_RX0_IRQHandler
                        0x080006c5         Code  Wk  startup_stm32f10x_hd.o [1]
UsageFault_Handler      0x08000535    0x2  Code  Gb  stm32f10x_it.o [1]
WWDG_IRQHandler         0x08000675         Code  Wk  startup_stm32f10x_hd.o [1]
__exit                  0x0800062d   0x14  Code  Gb  exit.o [5]
__iar_data_init2        0x08000589   0x20  Code  Gb  data_init2.o [4]
__iar_program_start     0x08000615         Code  Gb  cmain.o [4]
__iar_sh_stdout_close   0x080005c5   0x16  Code  Gb  iarwstd.o [5]
__iar_sh_stdout_handle  0x20000410    0x4  Data  Lc  iarwstd.o [5]
__iar_zero_init2        0x080005e1   0x1a  Code  Gb  zero_init2.o [4]
__low_level_init        0x080005ab         Code  Gb  startup_stm32f10x_hd.o [1]
__vector_table          0x08000000         Data  Gb  startup_stm32f10x_hd.o [1]
_exit                   0x08000641         Code  Gb  cexit.o [4]
_main                   0x08000627         Code  Gb  cmain.o [4]
exit                    0x0800064b    0x6  Code  Gb  exit.o [3]
main                    0x08000131  0x128  Code  Gb  main.o [1]


[1] = D:\Study\2015-16Spring\ELEC3300\LAB2\5678LAB2\Project\EWARMv5\STM3210E debug\Obj
[2] = command line
[3] = dl7M_tl_in.a
[4] = rt7M_tl.a
[5] = shb_l.a

  1 874 bytes of readonly  code memory
     18 bytes of readonly  data memory
  1 044 bytes of readwrite data memory

Errors: none
Warnings: none
